[
    {
        "device_id": 1,
        "device_identifiers": {
            "is_keyboard": true,
            "product_id": 5678,
            "vendor_id": 1234
        },
        "manufacturer": "test !",
        "product": "test !",
        "transport": "USB"
    }
]
